[pearlcapital.com/index.html]
[backblue.gif]
[fade.gif]
[index.html]
[pearlcapital.com/wp-content/cache/autoptimize/css/autoptimize_fb5221182fd66f7ee29f23c7d1f9343c.css]
[pearlcapital.com/apple-touch-icon-57x57.png]
[pearlcapital.com/apple-touch-icon-60x60.png]
[pearlcapital.com/apple-touch-icon-72x72.png]
[pearlcapital.com/apple-touch-icon-76x76.png]
[pearlcapital.com/apple-touch-icon-114x114.png]
[pearlcapital.com/apple-touch-icon-120x120.png]
[pearlcapital.com/apple-touch-icon-144x144.png]
[pearlcapital.com/apple-touch-icon-152x152.png]
[pearlcapital.com/apple-touch-icon-180x180.png]
[pearlcapital.com/favicon-32x32.png]
[pearlcapital.com/android-chrome-192x192.png]
[pearlcapital.com/favicon-96x96.png]
[pearlcapital.com/favicon-16x16.png]
[pearlcapital.com/manifest.json]
[pearlcapital.com/mstile-144x144.png]
[connect.facebook.net/en_US/fbevents.js]
[pearlcapital.com/wp-includes/js/jquery/jquery.min.js]
[pearlcapital.com/wp-json/index.html]
[pearlcapital.com/wp-json/wp/v2/pages/156.json]
[pearlcapital.com/xmlrpc0db0.php]
[pearlcapital.com/wp-includes/wlwmanifest.xml]
[pearlcapital.com/wp-json/oembed/1.0/embed1c38.json]
[pearlcapital.com/wp-json/oembed/1.0/embed2518]
[pearlcapital.com/wp-content/themes/pearl/assets/dist/images/logo/logo_header.svg]
[pearlcapital.com/wp-content/themes/pearl/assets/dist/images/logo/logo_header_black.svg]
[pearlcapital.com/wp-content/themes/pearl/assets/dist/images/pictures/watch.svg]
[pearlcapital.com/wp-content/themes/pearl/assets/dist/images/pictures/superman.svg]
[pearlcapital.com/wp-content/themes/pearl/assets/dist/images/pictures/lifting.svg]
[pearlcapital.com/syndicationprogram/index.html]
[pearlcapital.com/white-label/index.html]
[pearlcapital.com/wp-content/themes/pearl/assets/dist/images/icons/iso.svg]
[pearlcapital.com/careers/index.html]
[pearlcapital.com/mca-sales-tools/index.html]
[pearlcapital.com/about-us/index.html]
[pearlcapital.com/privacy-policy/index.html]
[pearlcapital.com/terms-of-use/index.html]
[pearlcapital.com/wp-content/themes/pearl/assets/dist/images/ie/iso-blue.png]
[pearlcapital.com/wp-content/themes/pearl/assets/dist/images/icons/merchant.svg]
[pearlcapital.com/wp-content/themes/pearl/assets/dist/images/ie/merchant-blue.png]
[pearlcapital.com/wp-content/themes/pearl/assets/dist/video/Welcome to Pearl Capital_v2-720.mp4]
[pearlcapital.com/wp-content/themes/pearl/assets/dist/images/pictures/document.svg]
[pearlcapital.com/wp-content/plugins/gravityforms/images/spinner.gif]
[snap.licdn.com/li.lms-analytics/insight.min.js]
[pearlcapital.com/index.html]
[pearlcapital.com/wp-content/themes/pearl/assets/dist/css/images/bx_loader.gif]
[pearlcapital.com/wp-content/themes/pearl/assets/dist/images/pictures/btn-top-bottom.png]
[pearlcapital.com/wp-content/themes/pearl/assets/dist/images/icons/badge-dark.svg]
[pearlcapital.com/wp-content/themes/pearl/assets/dist/images/buttons/download-outline.png]
[pearlcapital.com/wp-content/themes/pearl/assets/dist/fonts/crimson_ttf/CrimsonText-BoldItalic.ttf]
[pearlcapital.com/wp-content/cache/autoptimize/css/autoptimize_fb5221182fd66f7ee29f23c7d1f9343c.css]
[pearlcapital.com/wp-content/cache/autoptimize/js/autoptimize_ebd3309f2e5b89df90b652db1e331af2.js]
[pearlcapital.com/mca-sales-tools/iso-guides/best-mca-facebook-ad-types-for-isos/index.html]
[pearlcapital.com/POST.2e.delayed]
[connect.facebook.net/en_US/fbevents.js]
[pearlcapital.com/wp-content/themes/pearl/assets/dist/images/logo/logo_header.svg]
[pearlcapital.com/wp-content/themes/pearl/assets/dist/images/logo/logo_header_black.svg]
[pearlcapital.com/wp-content/themes/pearl/assets/dist/images/pictures/watch.svg]
[pearlcapital.com/wp-content/themes/pearl/assets/dist/images/pictures/superman.svg]
[pearlcapital.com/wp-content/themes/pearl/assets/dist/images/pictures/lifting.svg]
[pearlcapital.com/wp-json/wp/v2/pages/190.json]
[pearlcapital.com/wp-json/oembed/1.0/embeda34a.json]
[pearlcapital.com/wp-json/oembed/1.0/embed131c]
[pearlcapital.com/wp-content/themes/pearl/assets/dist/images/pictures/flying_man.svg]
[pearlcapital.com/wp-content/themes/pearl/assets/dist/images/pictures/big_man.svg]
[pearlcapital.com/syndicationprogram/index.html]
[pearlcapital.com/wp-content/themes/pearl/assets/dist/images/pictures/man_typing.svg]
[pearlcapital.com/white-label/feed/index.html]
[pearlcapital.com/wp-json/wp/v2/pages/32.json]
[pearlcapital.com/wp-json/oembed/1.0/embed9c31.json]
[pearlcapital.com/wp-json/oembed/1.0/embedae5b]
[pearlcapital.com/wp-content/themes/pearl/assets/dist/images/pictures/gears-white.svg]
[pearlcapital.com/wp-content/themes/pearl/assets/dist/images/pictures/cards.svg]
[pearlcapital.com/wp-content/uploads/2015/08/cards-1.svg]
[pearlcapital.com/wp-content/uploads/2015/08/cards-2.svg]
[pearlcapital.com/wp-content/uploads/2015/08/cards-3.svg]
[pearlcapital.com/wp-content/uploads/2015/08/cards-4.svg]
[pearlcapital.com/wp-content/themes/pearl/assets/dist/images/pictures/waiter-scaled.svg]
[pearlcapital.com/wp-content/themes/pearl/assets/dist/images/pictures/hand-scaled.svg]
[pearlcapital.com/wp-content/themes/pearl/assets/dist/images/pictures/focus-scaled.svg]
[pearlcapital.com/wp-content/uploads/2015/08/scaled-1.svg]
[pearlcapital.com/wp-content/uploads/2015/08/scaled-2.svg]
[pearlcapital.com/wp-content/uploads/2015/08/scaled-3.svg]
[pearlcapital.com/wp-content/uploads/2015/08/scaled-4.svg]
[pearlcapital.com/wp-content/uploads/2015/08/scaled-5.svg]
[pearlcapital.com/white-label/index.html]
[pearlcapital.com/wp-content/uploads/2015/08/scaled-6.svg]
[pearlcapital.com/wp-json/wp/v2/pages/726.json]
[pearlcapital.com/wp-json/oembed/1.0/embedc0f4.json]
[pearlcapital.com/wp-json/oembed/1.0/embed0d26]
[pearlcapital.com/wp-content/uploads/2017/07/Main-page-image.png]
[pearlcapital.com/mca-sales-tools/iso-videos/pearlman-ep1-avalanche-full/index.html]
[pearlcapital.com/mca-sales-tools/iso-calculators/leverage-calculator-page/index.html]
[pearlcapital.com/mca-sales-tools/iso-guides/price-calculator-infographic/index.html]
[pearlcapital.com/mca-sales-tools/iso-webinars/index.html]
[pearlcapital.com/mca-sales-tools/iso-guides/index.html]
[pearlcapital.com/mca-sales-tools/iso-videos/index.html]
[pearlcapital.com/mca-sales-tools/iso-videos/syndication-leverage-program/index.html]
[pearlcapital.com/mca-sales-tools/iso-comics/index.html]
[pearlcapital.com/mca-sales-tools/iso-videos/pearl-capital-price-calculator-video/index.html]
[pearlcapital.com/mca-sales-tools/iso-comics/underwriting-adventures/index.html]
[pearlcapital.com/mca-sales-tools/iso-comics/factor-world-comic-ep-1/index.html]
[pearlcapital.com/mca-sales-tools/iso-comics/adventures-machine-learning-pt-1/index.html]
[pearlcapital.com/mca-sales-tools/iso-calculators/index.html]
[pearlcapital.com/mca-sales-tools/iso-calculators/price-calculator-page/index.html]
[pearlcapital.com/mca-sales-tools/iso-webinars/niche-marketing-for-isos/index.html]
[pearlcapital.com/mca-sales-tools/iso-webinars/iso-social-sales/index.html]
[pearlcapital.com/wp-content/themes/pearl/assets/dist/images/icons/iso-more.svg]
[pearlcapital.com/wp-content/uploads/2017/07/Tools-01-200x200.png]
[pearlcapital.com/wp-content/uploads/2017/07/Webinars-01-200x200.png]
[pearlcapital.com/wp-content/uploads/2017/07/Guides-01-200x200.png]
[pearlcapital.com/wp-content/uploads/2017/07/Video-01-200x200.png]
[pearlcapital.com/wp-content/uploads/2017/07/Comic-01-200x200.png]
[pearlcapital.com/mca-sales-tools/newsletters/index.html]
[pearlcapital.com/wp-content/uploads/2017/07/newsletter-01-200x200.jpg]
[pearlcapital.com/mca-sales-tools/index.html]
[pearlcapital.com/wp-json/wp/v2/pages/186.json]
[pearlcapital.com/wp-json/oembed/1.0/embed34fe.json]
[pearlcapital.com/wp-json/oembed/1.0/embedaf12]
[pearlcapital.com/wp-content/uploads/2015/08/Sol-Lax.png]
[pearlcapital.com/wp-content/uploads/2015/08/sign.png]
[pearlcapital.com/wp-content/uploads/2015/08/John-Diamond.png]
[pearlcapital.com/wp-content/uploads/2016/08/Sholom-3-scaled.jpg]
[pearlcapital.com/wp-content/uploads/2015/08/Elie-Friedman.png]
[pearlcapital.com/wp-content/uploads/2015/08/Adam-Greissman.png]
[pearlcapital.com/wp-content/uploads/2018/12/Untitled-design-1-1.png]
[pearlcapital.com/wp-content/uploads/2017/01/miller.jpg]
[pearlcapital.com/wp-content/uploads/2017/01/Oded-1.png]
[pearlcapital.com/about-us/index.html]
[pearlcapital.com/wp-json/wp/v2/pages/569.json]
[pearlcapital.com/wp-json/oembed/1.0/embede2ee.json]
[pearlcapital.com/wp-json/oembed/1.0/embedc019]
[pearlcapital.com/wp-content/themes/pearl/dist/images/pictures/desk.svg]
[pearlcapital.com/wp-content/uploads/2020/10/s-01-150x150.png]
[pearlcapital.com/wp-content/uploads/2019/05/transit-01-300x50.jpg]
[pearlcapital.com/cdn-cgi/l/email-protection.html]
[pearlcapital.com/careers/index.html]
[pearlcapital.com/cdn-cgi/scripts/5c5dd728/cloudflare-static/email-decode.min.js]
[pearlcapital.com/wp-json/wp/v2/pages/24.json]
[pearlcapital.com/privacy-policy/feed/index.html]
[pearlcapital.com/wp-json/oembed/1.0/embed1478.json]
[pearlcapital.com/privacy-policy/index.html]
[pearlcapital.com/wp-json/oembed/1.0/embed9478]
[pearlcapital.com/wp-json/wp/v2/pages/30.json]
[pearlcapital.com/terms-of-use/feed/index.html]
[pearlcapital.com/wp-json/oembed/1.0/embed14ee.json]
[pearlcapital.com/wp-json/oembed/1.0/embedeb66]
[pearlcapital.com/terms-of-use/index.html]
[pearlcapital.com/wp-content/themes/pearl/assets/dist/images/icons/iso.svg]
[pearlcapital.com/wp-content/themes/pearl/assets/dist/images/icons/merchant.svg]
[pearlcapital.com/wp-content/themes/pearl/assets/dist/images/pictures/document.svg]
[snap.licdn.com/li.lms-analytics/insight.min.js]
[pearlcapital.com/wp-content/themes/pearl/assets/dist/images/icons/badge-dark.svg]
[pearlcapital.com/wp-json/oembed/1.0/embed68b5.json]
[pearlcapital.com/wp-json/oembed/1.0/embed59c1]
[pearlcapital.com/mca-sales-tools/iso-webinars/craft-effective-social-media-ad-campaigns-iso-business/index.html]
[pearlcapital.com/wp-content/uploads/2018/04/FB-Phone-GIF.gif]
[pearlcapital.com/wp-content/uploads/2018/04/fb-link-click-ad.jpg]
[pearlcapital.com/wp-content/uploads/2018/04/fb-page-like-ad.jpg]
[pearlcapital.com/mca-sales-tools/iso-webinars/use-custom-merchant-lists-for-social-media-ads-webinar-clip/index.html]
[pearlcapital.com/wp-content/uploads/2018/04/fb-boosted-page-ad.jpg]
[pearlcapital.com/wp-content/uploads/2018/04/FB-carousel.gif]
[pearlcapital.com/wp-content/uploads/2018/04/fb-video-ad.jpg]
[pearlcapital.com/mca-sales-tools/iso-guides/linkedin-for-iso-infographic/index.html]
[pearlcapital.com/wp-content/uploads/2018/11/linkedinpage-01-200x200.jpg]
[pearlcapital.com/mca-sales-tools/iso-guides/social-media-ads-mca-leads-ebook/index.html]
[pearlcapital.com/wp-content/uploads/2018/08/EBOOK-01-200x200.jpg]
[pearlcapital.com/mca-sales-tools/iso-guides/how-to-create-a-iso-facebook-lead-form-ad-for-mca/index.html]
[pearlcapital.com/wp-content/uploads/2018/04/how-to-create-an-iso-facebook-lead-01-1-200x200.jpg]
[pearlcapital.com/wp-content/themes/pearl/assets/dist/images/buttons/return-resources.png]
[pearlcapital.com/mca-sales-tools/iso-guides/best-mca-facebook-ad-types-for-isos/index.html]
[pearlcapital.com/POST.html]
[pearlcapital.com/index261b.html]
[pearlcapital.com/wp-content/themes/pearl/assets/dist/images/pictures/flying_man.svg]
[pearlcapital.com/wp-content/themes/pearl/assets/dist/images/pictures/big_man.svg]
[pearlcapital.com/wp-content/themes/pearl/assets/dist/images/pictures/man_typing.svg]
[pearlcapital.com/index6c46.html]
[pearlcapital.com/wp-content/themes/pearl/assets/dist/images/pictures/gears-white.svg]
[pearlcapital.com/wp-content/themes/pearl/assets/dist/images/pictures/cards.svg]
[pearlcapital.com/wp-content/uploads/2015/08/cards-1.svg]
[pearlcapital.com/wp-content/uploads/2015/08/cards-2.svg]
[pearlcapital.com/wp-content/uploads/2015/08/cards-3.svg]
[pearlcapital.com/wp-content/uploads/2015/08/cards-4.svg]
[pearlcapital.com/wp-content/themes/pearl/assets/dist/images/pictures/PlateLifting.svg]
[pearlcapital.com/wp-content/themes/pearl/assets/dist/images/pictures/waiter-scaled.svg]
[pearlcapital.com/wp-content/themes/pearl/assets/dist/images/pictures/js/jquery.js]
[pearlcapital.com/wp-content/themes/pearl/assets/dist/images/pictures/hand-scaled.svg]
[pearlcapital.com/wp-content/themes/pearl/assets/dist/images/pictures/focus-scaled.svg]
[pearlcapital.com/wp-content/uploads/2015/08/scaled-1.svg]
[pearlcapital.com/wp-content/uploads/2015/08/scaled-2.svg]
[pearlcapital.com/wp-content/uploads/2015/08/scaled-3.svg]
[pearlcapital.com/wp-content/uploads/2015/08/scaled-4.svg]
[pearlcapital.com/wp-content/uploads/2015/08/scaled-5.svg]
[pearlcapital.com/wp-content/uploads/2015/08/scaled-6.svg]
[pearlcapital.com/index23a8.html]
[pearlcapital.com/wp-json/oembed/1.0/embede2f4.json]
[pearlcapital.com/wp-json/oembed/1.0/embeda30d]
[pearlcapital.com/mca-sales-tools/iso-videos/the-most-important-elements-of-a-successful-landing-page-video/index.html]
[pearlcapital.com/mca-sales-tools/iso-videos/pearlman-ep2-storm-full/index.html]
[pearlcapital.com/wp-content/uploads/2018/01/2018-01-09-11_10_49-Edit-Post-‹-Pearl-Capital-—-WordPress-720x404.png]
[pearlcapital.com/mca-sales-tools/iso-videos/welcome-pearl-capital/index.html]
[pearlcapital.com/wp-content/uploads/2017/08/Welcome-to-pearl-video.png]
[pearlcapital.com/wp-content/uploads/2017/07/price-calculator-01-1.png]
[pearlcapital.com/mca-sales-tools/iso-videos/pearlman-ep1-avalanche-full/index.html]
[pearlcapital.com/wp-json/oembed/1.0/embed09d0.json]
[pearlcapital.com/wp-json/oembed/1.0/embedfc30]
[pearlcapital.com/iso-leverage-calculator-form/index.html]
[pearlcapital.com/wp-content/uploads/2017/07/Price-Calc-info-01-200x200.jpg]
[pearlcapital.com/mca-sales-tools/iso-calculators/leverage-calculator-page/index.html]
[pearlcapital.com/wp-json/oembed/1.0/embed8057.json]
[pearlcapital.com/wp-json/oembed/1.0/embed3dfd]
[pearlcapital.com/wp-content/uploads/2017/07/Price-Calculator-Infographic-01.jpg]
[pearlcapital.com/wp-content/uploads/2017/08/Price-Calculator-Infographic.pdf]
[pearlcapital.com/mca-sales-tools/iso-guides/price-calculator-infographic/index.html]
[pearlcapital.com/mca-sales-tools/iso-webinars/feed/index.html]
[pearlcapital.com/wp-content/uploads/2017/10/22339109_1850204261958499_3374484981164051444_o-720x404.png]
[pearlcapital.com/mca-sales-tools/iso-webinars/create-steady-flow-referrals-iso-business-webinar/index.html]
[pearlcapital.com/wp-content/uploads/2017/09/Steady-Flow-Webinar-Still-01-720x404.png]
[pearlcapital.com/mca-sales-tools/iso-webinars/persistence-wins-using-right-marketing-cadence-webinar/index.html]
[pearlcapital.com/wp-content/uploads/2017/07/Persistence-wins-01-720x404.png]
[pearlcapital.com/mca-sales-tools/iso-webinars/crafting-unique-brand-image-iso-business/index.html]
[pearlcapital.com/wp-content/uploads/2017/07/crafting-01-720x404.jpg]
[pearlcapital.com/mca-sales-tools/iso-webinars/land-larger-deals/index.html]
[pearlcapital.com/wp-content/uploads/2017/07/hunting-01-720x404.jpg]
[pearlcapital.com/wp-content/uploads/2017/07/niche-01-720x404.jpg]
[pearlcapital.com/wp-content/uploads/2017/07/social-01-720x404.jpg]
[pearlcapital.com/mca-sales-tools/iso-webinars/category/clips/index.html]
[pearlcapital.com/mca-sales-tools/iso-webinars/index.html]
[pearlcapital.com/mca-sales-tools/iso-guides/feed/index.html]
[pearlcapital.com/wp-content/uploads/2018/04/FB-ad-types-200x200.jpg]
[pearlcapital.com/wp-content/uploads/2018/04/custom-audiences-01-200x200.jpg]
[pearlcapital.com/mca-sales-tools/iso-guides/guide-to-custom-merchant-audiences-iso/index.html]
[pearlcapital.com/wp-content/uploads/2018/04/icon-01-200x200.jpg]
[pearlcapital.com/wp-content/uploads/2018/04/icon-01-01-1-200x200.jpg]
[pearlcapital.com/mca-sales-tools/iso-guides/start-using-linkedin-ads-attract-mca-leads/index.html]
[pearlcapital.com/mca-sales-tools/iso-guides/iso-use-twitter-ads-attract-mca-leads/index.html]
[pearlcapital.com/wp-content/uploads/2018/04/icon-01-01-200x200.jpg]
[pearlcapital.com/mca-sales-tools/iso-guides/facebook-ads-audience-targeting-options-for-iso/index.html]
[pearlcapital.com/mca-sales-tools/iso-guides/iso-insights-state-small-business-2018/index.html]
[pearlcapital.com/wp-content/uploads/2018/01/SMB-guide-01-200x200.png]
[pearlcapital.com/mca-sales-tools/iso-guides/the-value-of-referrals-for-your-iso-business-infographic/index.html]
[pearlcapital.com/wp-content/uploads/2017/11/Referrals-200x200.jpg]
[pearlcapital.com/mca-sales-tools/iso-guides/better-sales-method-for-isos/index.html]
[pearlcapital.com/wp-content/uploads/2018/01/BANT-01-200x200.png]
[pearlcapital.com/mca-sales-tools/iso-guides/hunt-quality-merchant-deals-infographic/index.html]
[pearlcapital.com/wp-content/uploads/2017/11/hunting-infographic-01-200x200.jpg]
[pearlcapital.com/mca-sales-tools/iso-guides/marketing-efforts-for-isos-infographic/index.html]
[pearlcapital.com/wp-content/uploads/2017/10/Scientific-method-200x200.jpg]
[pearlcapital.com/mca-sales-tools/iso-guides/industries-we-fund-at-pearl-capital-infographic/index.html]
[pearlcapital.com/wp-content/uploads/2017/09/Industry-Infographic-Icon-01-200x200.jpg]
[pearlcapital.com/wp-content/uploads/2017/07/Price-Calc-info-01-1-200x200.jpg]
[pearlcapital.com/mca-sales-tools/iso-guides/index.html]
[pearlcapital.com/mca-sales-tools/iso-videos/feed/index.html]
[pearlcapital.com/mca-sales-tools/iso-videos/white-label-mca/index.html]
[pearlcapital.com/wp-content/uploads/2017/07/storm-full-01-1.png]
[pearlcapital.com/mca-sales-tools/iso-videos/pearlman-ep2-storm-trailer/index.html]
[pearlcapital.com/wp-content/uploads/2017/07/storm-trailer-01-720x404.jpg]
[pearlcapital.com/wp-content/uploads/2017/07/Avalanche-01-3-720x404.jpg]
[pearlcapital.com/mca-sales-tools/iso-videos/pearlman-ep1-avalanche-trailer/index.html]
[pearlcapital.com/wp-content/uploads/2017/07/Avalanche-trailer-01-720x404.jpg]
[pearlcapital.com/mca-sales-tools/iso-videos/pearlman-dreaming-white-label/index.html]
[pearlcapital.com/wp-content/uploads/2017/07/pearlmans-dreaming-of-a-white-christmas-01-1.png]
[pearlcapital.com/wp-content/uploads/2017/07/ISO-Lev-Synd-01-1-720x404.jpg]
[pearlcapital.com/wp-content/uploads/2017/07/white-label-01-720x404.jpg]
[pearlcapital.com/mca-sales-tools/iso-videos/index.html]
[pearlcapital.com/mca-sales-tools/iso-videos/syndication-leverage-program/index.html]
[pearlcapital.com/mca-sales-tools/iso-videos/pearl-capital-price-calculator-video/index.html]
[pearlcapital.com/mca-sales-tools/iso-comics/index.html]
[pearlcapital.com/mca-sales-tools/iso-comics/underwriting-adventures/index.html]
[pearlcapital.com/mca-sales-tools/iso-comics/adventures-machine-learning-pt-1/index.html]
[pearlcapital.com/mca-sales-tools/iso-comics/factor-world-comic-ep-1/index.html]
[pearlcapital.com/mca-sales-tools/iso-calculators/index.html]
[pearlcapital.com/mca-sales-tools/iso-calculators/price-calculator-page/index.html]
[pearlcapital.com/mca-sales-tools/iso-webinars/niche-marketing-for-isos/index.html]
[pearlcapital.com/mca-sales-tools/iso-webinars/iso-social-sales/index.html]
[pearlcapital.com/wp-content/themes/pearl/assets/dist/images/icons/iso-more.svg]
[pearlcapital.com/mca-sales-tools/newsletters/index.html]
[pearlcapital.com/index146c.html]
[pearlcapital.com/index475a.html]
[pearlcapital.com/wp-content/themes/pearl/dist/images/pictures/desk.svg]
[pearlcapital.com/cdn-cgi/l/email-protection.html]
[pearlcapital.com/index2cf9.html]
[pearlcapital.com/index5643.html]
[pearlcapital.com/indexe6eb.html]
[pearlcapital.com/mca-sales-tools/iso-webinars/craft-effective-social-media-ad-campaigns-iso-business/index.html]
[pearlcapital.com/mca-sales-tools/iso-webinars/use-custom-merchant-lists-for-social-media-ads-webinar-clip/index.html]
[pearlcapital.com/mca-sales-tools/iso-guides/linkedin-for-iso-infographic/index.html]
[pearlcapital.com/mca-sales-tools/iso-guides/social-media-ads-mca-leads-ebook/index.html]
[pearlcapital.com/mca-sales-tools/iso-guides/how-to-create-a-iso-facebook-lead-form-ad-for-mca/index.html]
[pearlcapital.com/wp-content/themes/pearl/assets/dist/images/pictures/PlateLifting.html]
[pearlcapital.com/wp-content/themes/pearl/assets/dist/images/pictures/js/jquery.html]
[pearlcapital.com/index5e3b.html]
[pearlcapital.com/mca-sales-tools/iso-videos/pearlman-ep2-storm-full/index.html]
[pearlcapital.com/mca-sales-tools/iso-videos/the-most-important-elements-of-a-successful-landing-page-video/index.html]
[pearlcapital.com/mca-sales-tools/iso-videos/welcome-pearl-capital/index.html]
[pearlcapital.com/index245e.html]
[pearlcapital.com/iso-leverage-calculator-form/index.html]
[pearlcapital.com/indexf294.html]
[pearlcapital.com/mca-sales-tools/iso-webinars/create-steady-flow-referrals-iso-business-webinar/index.html]
[pearlcapital.com/mca-sales-tools/iso-webinars/persistence-wins-using-right-marketing-cadence-webinar/index.html]
[pearlcapital.com/mca-sales-tools/iso-webinars/crafting-unique-brand-image-iso-business/index.html]
[pearlcapital.com/mca-sales-tools/iso-webinars/land-larger-deals/index.html]
[pearlcapital.com/mca-sales-tools/iso-webinars/category/clips/index.html]
[pearlcapital.com/mca-sales-tools/iso-guides/guide-to-custom-merchant-audiences-iso/index.html]
[pearlcapital.com/mca-sales-tools/iso-guides/iso-use-twitter-ads-attract-mca-leads/index.html]
[pearlcapital.com/mca-sales-tools/iso-guides/start-using-linkedin-ads-attract-mca-leads/index.html]
[pearlcapital.com/mca-sales-tools/iso-guides/facebook-ads-audience-targeting-options-for-iso/index.html]
[pearlcapital.com/mca-sales-tools/iso-guides/iso-insights-state-small-business-2018/index.html]
[pearlcapital.com/mca-sales-tools/iso-guides/the-value-of-referrals-for-your-iso-business-infographic/index.html]
[pearlcapital.com/mca-sales-tools/iso-guides/better-sales-method-for-isos/index.html]
[pearlcapital.com/mca-sales-tools/iso-guides/hunt-quality-merchant-deals-infographic/index.html]
[pearlcapital.com/mca-sales-tools/iso-guides/marketing-efforts-for-isos-infographic/index.html]
[pearlcapital.com/mca-sales-tools/iso-guides/industries-we-fund-at-pearl-capital-infographic/index.html]
[pearlcapital.com/mca-sales-tools/iso-videos/white-label-mca/index.html]
[pearlcapital.com/mca-sales-tools/iso-videos/pearlman-ep2-storm-trailer/index.html]
[pearlcapital.com/mca-sales-tools/iso-videos/pearlman-ep1-avalanche-trailer/index.html]
[pearlcapital.com/mca-sales-tools/iso-videos/pearlman-dreaming-white-label/index.html]
